Starting net.fabricmc.loader.impl.game.minecraft.BundlerClassPathCapture
[23:59:26] [main/INFO]: Loading Minecraft 26.2 with Fabric Loader 0.19.5
[23:59:26] [main/INFO]: Mappings not present!
[23:59:26] [main/INFO]: Loading 44 mods:
	- create 6.0.9-1
	- createnuclear 1.3.2-beta.3+26.2
	- fabric-api 0.161.0+26.2
	   |-- fabric-advancement-api-v1 1.0.0+58719a3b9e
	   |-- fabric-api-base 2.0.4+ece063239e
	   |-- fabric-api-lookup-api-v1 2.0.18+11e1c9a39e
	   |-- fabric-biome-api-v1 18.0.6+c7bd5b8e9e
	   |-- fabric-block-api-v1 3.1.0+53515aab9e
	   |-- fabric-block-getter-api-v2 2.0.7+ec56b6019e
	   |-- fabric-command-api-v2 3.1.0+00cb03469e
	   |-- fabric-content-registries-v0 11.3.2+37b1aa249e
	   |-- fabric-convention-tags-v2 4.7.1+1f023a9e9e
	   |-- fabric-crash-report-info-v1 1.0.5+086d547a9e
	   |-- fabric-creative-tab-api-v1 5.0.15+6468574f9e
	   |-- fabric-data-attachment-api-v1 2.2.19+515ac5339e
	   |-- fabric-data-generation-api-v1 25.6.0+c0da0b829e
	   |-- fabric-debug-api-v1 1.0.2+c792624d9e
	   |-- fabric-dimensions-v1 5.1.12+515ac5339e
	   |-- fabric-entity-events-v1 5.0.5+06488ac19e
	   |-- fabric-events-interaction-v0 5.2.8+515ac5339e
	   |-- fabric-game-rule-api-v1 4.0.8+46a6d00c9e
	   |-- fabric-item-api-v1 14.5.0+c68f6cbe9e
	   |-- fabric-lifecycle-events-v1 4.1.4+29b6eb019e
	   |-- fabric-loot-api-v3 3.0.17+06488ac19e
	   |-- fabric-menu-api-v1 2.0.17+086d547a9e
	   |-- fabric-message-api-v1 7.0.8+bb2ed3f79e
	   |-- fabric-networking-api-v1 6.3.4+2989c6a09e
	   |-- fabric-object-builder-api-v1 24.1.1+6fcd5f039e
	   |-- fabric-particles-v1 5.0.19+d1756aa99e
	   |-- fabric-permission-api-v1 1.0.5+e442d8d09e
	   |-- fabric-recipe-api-v1 9.0.22+11e1c9a39e
	   |-- fabric-registry-sync-v0 7.1.1+c7bd5b8e9e
	   |-- fabric-rendering-fluids-v1 6.0.4+06488ac19e
	   |-- fabric-resource-conditions-api-v1 6.1.0+10e9a28b9e
	   |-- fabric-resource-loader-v0 3.3.20+4fc5413f9e
	   |-- fabric-resource-loader-v1 2.0.13+9edec1269e
	   |-- fabric-serialization-api-v1 2.0.4+11a26f319e
	   |-- fabric-tag-api-v1 2.1.4+515ac5339e
	   |-- fabric-transfer-api-v1 8.0.13+11dbb7d79e
	   \-- fabric-transitive-access-wideners-v1 8.1.4+67c847259e
	- fabricloader 0.19.5
	   \-- mixinextras 0.5.5
	- java 25
	- minecraft 26.2
[23:59:26] [main/INFO]: SpongePowered MIXIN Subsystem Version=0.8.7 Source=file:/home/runner/work/CreateNuclearNeoForge/CreateNuclearNeoForge/server/libraries/net/fabricmc/sponge-mixin/0.17.4+mixin.0.8.7/sponge-mixin-0.17.4+mixin.0.8.7.jar Service=Knot/Fabric Env=SERVER
[23:59:27] [main/INFO]: Initializing MixinExtras via com.llamalad7.mixinextras.service.MixinExtrasServiceImpl(version=0.5.5).
WARNING: A terminally deprecated method in sun.misc.Unsafe has been called
WARNING: sun.misc.Unsafe::objectFieldOffset has been called by org.joml.MemUtil$MemUtilUnsafe (file:/home/runner/work/CreateNuclearNeoForge/CreateNuclearNeoForge/server/libraries/org/joml/joml/1.10.8/joml-1.10.8.jar)
WARNING: Please consider reporting this to the maintainers of class org.joml.MemUtil$MemUtilUnsafe
WARNING: sun.misc.Unsafe::objectFieldOffset will be removed in a future release
[23:59:35] [main/INFO]: createnuclear initializing!
[23:59:35] [main/INFO]: Registering mod tags for createnuclear
[23:59:35] [main/INFO]: Registering ModBlocks for createnuclear
[23:59:36] [main/INFO]: Environment: Environment[sessionHost=https://sessionserver.mojang.com, servicesHost=https://api.minecraftservices.com, profilesHost=https://api.mojang.com, name=PROD]
[23:59:38] [main/INFO]: Loaded 3641 recipes
[23:59:38] [main/INFO]: Loaded 2972 advancements
[23:59:38] [main/WARN]: Recipe createnuclear:crafting/items/armors/anti_radiation_boots can't be placed due to empty ingredients and will be ignored
[23:59:38] [main/WARN]: Recipe createnuclear:crafting/items/armors/black_anti_radiation_chestplate can't be placed due to empty ingredients and will be ignored
[23:59:38] [main/WARN]: Recipe createnuclear:crafting/items/armors/black_anti_radiation_helmet can't be placed due to empty ingredients and will be ignored
[23:59:38] [main/WARN]: Recipe createnuclear:crafting/items/armors/black_anti_radiation_leggings can't be placed due to empty ingredients and will be ignored
[23:59:38] [main/WARN]: Recipe createnuclear:crafting/items/armors/blue_anti_radiation_chestplate can't be placed due to empty ingredients and will be ignored
[23:59:38] [main/WARN]: Recipe createnuclear:crafting/items/armors/blue_anti_radiation_helmet can't be placed due to empty ingredients and will be ignored
[23:59:38] [main/WARN]: Recipe createnuclear:crafting/items/armors/blue_anti_radiation_leggings can't be placed due to empty ingredients and will be ignored
[23:59:38] [main/WARN]: Recipe createnuclear:crafting/items/armors/brown_anti_radiation_chestplate can't be placed due to empty ingredients and will be ignored
[23:59:38] [main/WARN]: Recipe createnuclear:crafting/items/armors/brown_anti_radiation_helmet can't be placed due to empty ingredients and will be ignored
[23:59:38] [main/WARN]: Recipe createnuclear:crafting/items/armors/brown_anti_radiation_leggings can't be placed due to empty ingredients and will be ignored
[23:59:38] [main/WARN]: Recipe createnuclear:crafting/items/armors/cyan_anti_radiation_chestplate can't be placed due to empty ingredients and will be ignored
[23:59:38] [main/WARN]: Recipe createnuclear:crafting/items/armors/cyan_anti_radiation_helmet can't be placed due to empty ingredients and will be ignored
[23:59:38] [main/WARN]: Recipe createnuclear:crafting/items/armors/cyan_anti_radiation_leggings can't be placed due to empty ingredients and will be ignored
[23:59:38] [main/WARN]: Recipe createnuclear:crafting/items/armors/gray_anti_radiation_chestplate can't be placed due to empty ingredients and will be ignored
[23:59:38] [main/WARN]: Recipe createnuclear:crafting/items/armors/gray_anti_radiation_helmet can't be placed due to empty ingredients and will be ignored
[23:59:38] [main/WARN]: Recipe createnuclear:crafting/items/armors/gray_anti_radiation_leggings can't be placed due to empty ingredients and will be ignored
[23:59:38] [main/WARN]: Recipe createnuclear:crafting/items/armors/green_anti_radiation_chestplate can't be placed due to empty ingredients and will be ignored
[23:59:38] [main/WARN]: Recipe createnuclear:crafting/items/armors/green_anti_radiation_helmet can't be placed due to empty ingredients and will be ignored
[23:59:38] [main/WARN]: Recipe createnuclear:crafting/items/armors/green_anti_radiation_leggings can't be placed due to empty ingredients and will be ignored
[23:59:38] [main/WARN]: Recipe createnuclear:crafting/items/armors/light_blue_anti_radiation_chestplate can't be placed due to empty ingredients and will be ignored
[23:59:38] [main/WARN]: Recipe createnuclear:crafting/items/armors/light_blue_anti_radiation_helmet can't be placed due to empty ingredients and will be ignored
[23:59:38] [main/WARN]: Recipe createnuclear:crafting/items/armors/light_blue_anti_radiation_leggings can't be placed due to empty ingredients and will be ignored
[23:59:38] [main/WARN]: Recipe createnuclear:crafting/items/armors/light_gray_anti_radiation_chestplate can't be placed due to empty ingredients and will be ignored
[23:59:38] [main/WARN]: Recipe createnuclear:crafting/items/armors/light_gray_anti_radiation_helmet can't be placed due to empty ingredients and will be ignored
[23:59:38] [main/WARN]: Recipe createnuclear:crafting/items/armors/light_gray_anti_radiation_leggings can't be placed due to empty ingredients and will be ignored
[23:59:38] [main/WARN]: Recipe createnuclear:crafting/items/armors/lime_anti_radiation_chestplate can't be placed due to empty ingredients and will be ignored
[23:59:38] [main/WARN]: Recipe createnuclear:crafting/items/armors/lime_anti_radiation_helmet can't be placed due to empty ingredients and will be ignored
[23:59:38] [main/WARN]: Recipe createnuclear:crafting/items/armors/lime_anti_radiation_leggings can't be placed due to empty ingredients and will be ignored
[23:59:38] [main/WARN]: Recipe createnuclear:crafting/items/armors/magenta_anti_radiation_chestplate can't be placed due to empty ingredients and will be ignored
[23:59:38] [main/WARN]: Recipe createnuclear:crafting/items/armors/magenta_anti_radiation_helmet can't be placed due to empty ingredients and will be ignored
[23:59:38] [main/WARN]: Recipe createnuclear:crafting/items/armors/magenta_anti_radiation_leggings can't be placed due to empty ingredients and will be ignored
[23:59:38] [main/WARN]: Recipe createnuclear:crafting/items/armors/orange_anti_radiation_chestplate can't be placed due to empty ingredients and will be ignored
[23:59:38] [main/WARN]: Recipe createnuclear:crafting/items/armors/orange_anti_radiation_helmet can't be placed due to empty ingredients and will be ignored
[23:59:38] [main/WARN]: Recipe createnuclear:crafting/items/armors/orange_anti_radiation_leggings can't be placed due to empty ingredients and will be ignored
[23:59:38] [main/WARN]: Recipe createnuclear:crafting/items/armors/pink_anti_radiation_chestplate can't be placed due to empty ingredients and will be ignored
[23:59:38] [main/WARN]: Recipe createnuclear:crafting/items/armors/pink_anti_radiation_helmet can't be placed due to empty ingredients and will be ignored
[23:59:38] [main/WARN]: Recipe createnuclear:crafting/items/armors/pink_anti_radiation_leggings can't be placed due to empty ingredients and will be ignored
[23:59:38] [main/WARN]: Recipe createnuclear:crafting/items/armors/purple_anti_radiation_chestplate can't be placed due to empty ingredients and will be ignored
[23:59:38] [main/WARN]: Recipe createnuclear:crafting/items/armors/purple_anti_radiation_helmet can't be placed due to empty ingredients and will be ignored
[23:59:38] [main/WARN]: Recipe createnuclear:crafting/items/armors/purple_anti_radiation_leggings can't be placed due to empty ingredients and will be ignored
[23:59:38] [main/WARN]: Recipe createnuclear:crafting/items/armors/red_anti_radiation_chestplate can't be placed due to empty ingredients and will be ignored
[23:59:38] [main/WARN]: Recipe createnuclear:crafting/items/armors/red_anti_radiation_helmet can't be placed due to empty ingredients and will be ignored
[23:59:38] [main/WARN]: Recipe createnuclear:crafting/items/armors/red_anti_radiation_leggings can't be placed due to empty ingredients and will be ignored
[23:59:38] [main/WARN]: Recipe createnuclear:crafting/items/armors/white_anti_radiation_chestplate can't be placed due to empty ingredients and will be ignored
[23:59:38] [main/WARN]: Recipe createnuclear:crafting/items/armors/white_anti_radiation_helmet can't be placed due to empty ingredients and will be ignored
[23:59:38] [main/WARN]: Recipe createnuclear:crafting/items/armors/white_anti_radiation_leggings can't be placed due to empty ingredients and will be ignored
[23:59:38] [main/WARN]: Recipe createnuclear:crafting/items/armors/yellow_anti_radiation_chestplate can't be placed due to empty ingredients and will be ignored
[23:59:38] [main/WARN]: Recipe createnuclear:crafting/items/armors/yellow_anti_radiation_helmet can't be placed due to empty ingredients and will be ignored
[23:59:38] [main/WARN]: Recipe createnuclear:crafting/items/armors/yellow_anti_radiation_leggings can't be placed due to empty ingredients and will be ignored
[23:59:38] [main/WARN]: Recipe createnuclear:crafting/reactor/reinforced_glass can't be placed due to empty ingredients and will be ignored
[23:59:38] [main/WARN]: Recipe createnuclear:crafting/reactor_blueprint_item can't be placed due to empty ingredients and will be ignored
[23:59:38] [main/INFO]: Applied 110 biome modifications to 55 of 66 new biomes in 10.41 ms
[23:59:38] [Server thread/INFO]: Starting minecraft server version 26.2
[23:59:38] [Server thread/INFO]: Loading properties
[23:59:38] [Server thread/INFO]: Default game type: CREATIVE
[23:59:38] [Server thread/INFO]: Generating keypair
[23:59:39] [Server thread/INFO]: Starting Minecraft server on *:25565
[23:59:39] [Server thread/WARN]: **** SERVER IS RUNNING IN OFFLINE/INSECURE MODE!
[23:59:39] [Server thread/WARN]: The server will make no attempt to authenticate usernames. Beware.
[23:59:39] [Server thread/WARN]: While this makes the game possible to play without internet access, it also opens up the ability for hackers to connect with any username they choose.
[23:59:39] [Server thread/WARN]: To change this, set "online-mode" to "true" in the server.properties file.
[23:59:39] [Server thread/INFO]: Preparing level "world"
[23:59:39] [Server thread/INFO]: Loading 49 persistent chunks...
[23:59:39] [Server thread/INFO]: Preparing spawn area: 16%
[23:59:39] [Server thread/INFO]: Preparing spawn area: 16%
[23:59:40] [Server thread/INFO]: Preparing spawn area: 16%
[23:59:40] [Server thread/INFO]: Preparing spawn area: 16%
[23:59:41] [Server thread/INFO]: Preparing spawn area: 16%
[23:59:41] [Server thread/INFO]: Preparing spawn area: 16%
[23:59:42] [Server thread/INFO]: Time elapsed: 2620 ms
[23:59:42] [Server thread/INFO]: Done (2.980s)! For help, type "help"
[23:59:42] [Server thread/INFO]: Saving chunks for level 'ServerLevel[world]'/minecraft:overworld
[23:59:42] [Server thread/INFO]: Saving chunks for level 'ServerLevel[world]'/minecraft:the_end
[23:59:42] [Server thread/INFO]: Saving chunks for level 'ServerLevel[world]'/minecraft:the_nether
[23:59:42] [Server thread/INFO]: ThreadedAnvilChunkStorage (world): All chunks are saved
[23:59:42] [Server thread/INFO]: ThreadedAnvilChunkStorage (DIM1): All chunks are saved
[23:59:42] [Server thread/INFO]: ThreadedAnvilChunkStorage (DIM-1): All chunks are saved
[23:59:42] [Server thread/INFO]: ThreadedAnvilChunkStorage: All dimensions are saved
[23:59:45] [Server thread/INFO]: 9 force loaded chunks were found in minecraft:overworld at: [0, -1], [1, -1], [-1, -1], [0, 0], [1, 0], [-1, 0], [0, 1], [1, 1], [-1, 1]
[23:59:45] [Server thread/INFO]: 26, 203, 2 has the following block data: {Inventory: [{components: {"createnuclear:reactor_blue_print_data": {uraniumTime: 3600, countGraphiteRod: 5, countUraniumRod: 4, pattern: [{slot: 0, Stack: {count: 1, id: "minecraft:glass_pane"}}, {slot: 1, Stack: {count: 1, id: "minecraft:glass_pane"}}, {slot: 2, Stack: {count: 1, id: "minecraft:glass_pane"}}, {slot: 3, Stack: {count: 1, id: "minecraft:glass_pane"}}, {slot: 4, Stack: {count: 1, id: "minecraft:glass_pane"}}, {slot: 5, Stack: {count: 1, id: "minecraft:glass_pane"}}, {slot: 6, Stack: {count: 1, id: "minecraft:glass_pane"}}, {slot: 7, Stack: {count: 1, id: "minecraft:glass_pane"}}, {slot: 8, Stack: {count: 1, id: "minecraft:glass_pane"}}, {slot: 9, Stack: {count: 1, id: "minecraft:glass_pane"}}, {slot: 10, Stack: {count: 1, id: "minecraft:glass_pane"}}, {slot: 11, Stack: {count: 1, id: "minecraft:glass_pane"}}, {slot: 12, Stack: {count: 1, id: "minecraft:glass_pane"}}, {slot: 13, Stack: {count: 1, id: "minecraft:glass_pane"}}, {slot: 14, Stack: {count: 1, id: "minecraft:glass_pane"}}, {slot: 15, Stack: {count: 1, id: "minecraft:glass_pane"}}, {slot: 16, Stack: {count: 1, id: "minecraft:glass_pane"}}, {slot: 17, Stack: {count: 1, id: "minecraft:glass_pane"}}, {slot: 18, Stack: {count: 1, id: "createnuclear:graphite_rod"}}, {slot: 19, Stack: {count: 1, id: "createnuclear:uranium_rod"}}, {slot: 20, Stack: {count: 1, id: "createnuclear:graphite_rod"}}, {slot: 21, Stack: {count: 1, id: "minecraft:glass_pane"}}, {slot: 22, Stack: {count: 1, id: "minecraft:glass_pane"}}, {slot: 23, Stack: {count: 1, id: "minecraft:glass_pane"}}, {slot: 24, Stack: {count: 1, id: "minecraft:glass_pane"}}, {slot: 25, Stack: {count: 1, id: "minecraft:glass_pane"}}, {slot: 26, Stack: {count: 1, id: "minecraft:glass_pane"}}, {slot: 27, Stack: {count: 1, id: "createnuclear:uranium_rod"}}, {slot: 28, Stack: {count: 1, id: "createnuclear:uranium_rod"}}, {slot: 29, Stack: {count: 1, id: "createnuclear:uranium_rod"}}, {slot: 30, Stack: {count: 1, id: "minecraft:glass_pane"}}, {slot: 31, Stack: {count: 1, id: "minecraft:glass_pane"}}, {slot: 32, Stack: {count: 1, id: "minecraft:glass_pane"}}, {slot: 33, Stack: {count: 1, id: "minecraft:glass_pane"}}, {slot: 34, Stack: {count: 1, id: "minecraft:glass_pane"}}, {slot: 35, Stack: {count: 1, id: "minecraft:glass_pane"}}, {slot: 36, Stack: {count: 1, id: "createnuclear:graphite_rod"}}, {slot: 37, Stack: {count: 1, id: "createnuclear:graphite_rod"}}, {slot: 38, Stack: {count: 1, id: "createnuclear:graphite_rod"}}, {slot: 39, Stack: {count: 1, id: "minecraft:glass_pane"}}, {slot: 40, Stack: {count: 1, id: "minecraft:glass_pane"}}, {slot: 41, Stack: {count: 1, id: "minecraft:glass_pane"}}, {slot: 42, Stack: {count: 1, id: "minecraft:glass_pane"}}, {slot: 43, Stack: {count: 1, id: "minecraft:glass_pane"}}, {slot: 44, Stack: {count: 1, id: "minecraft:glass_pane"}}, {slot: 45, Stack: {count: 1, id: "minecraft:glass_pane"}}, {slot: 46, Stack: {count: 1, id: "minecraft:glass_pane"}}, {slot: 47, Stack: {count: 1, id: "minecraft:glass_pane"}}, {slot: 48, Stack: {count: 1, id: "minecraft:glass_pane"}}, {slot: 49, Stack: {count: 1, id: "minecraft:glass_pane"}}, {slot: 50, Stack: {count: 1, id: "minecraft:glass_pane"}}, {slot: 51, Stack: {count: 1, id: "minecraft:glass_pane"}}, {slot: 52, Stack: {count: 1, id: "minecraft:glass_pane"}}, {slot: 53, Stack: {count: 1, id: "minecraft:glass_pane"}}, {slot: 54, Stack: {count: 1, id: "minecraft:glass_pane"}}, {slot: 55, Stack: {count: 1, id: "minecraft:glass_pane"}}, {slot: 56, Stack: {count: 1, id: "minecraft:glass_pane"}}], patternAll: [{slot: 0, Stack: {count: 1, id: "minecraft:glass_pane"}}, {slot: 1, Stack: {count: 1, id: "minecraft:glass_pane"}}, {slot: 2, Stack: {count: 1, id: "minecraft:glass_pane"}}, {slot: 3, Stack: {count: 1, id: "minecraft:glass_pane"}}, {slot: 4, Stack: {count: 1, id: "minecraft:glass_pane"}}, {slot: 5, Stack: {count: 1, id: "minecraft:glass_pane"}}, {slot: 6, Stack: {count: 1, id: "minecraft:glass_pane"}}, {slot: 7, Stack: {count: 1, id: "minecraft:glass_pane"}}, {slot: 8, Stack: {count: 1, id: "minecraft:glass_pane"}}, {slot: 9, Stack: {count: 1, id: "minecraft:glass_pane"}}, {slot: 10, Stack: {count: 1, id: "minecraft:glass_pane"}}, {slot: 11, Stack: {count: 1, id: "minecraft:glass_pane"}}, {slot: 12, Stack: {count: 1, id: "minecraft:glass_pane"}}, {slot: 13, Stack: {count: 1, id: "minecraft:glass_pane"}}, {slot: 14, Stack: {count: 1, id: "minecraft:glass_pane"}}, {slot: 15, Stack: {count: 1, id: "minecraft:glass_pane"}}, {slot: 16, Stack: {count: 1, id: "minecraft:glass_pane"}}, {slot: 17, Stack: {count: 1, id: "minecraft:glass_pane"}}, {slot: 18, Stack: {count: 1, id: "createnuclear:graphite_rod"}}, {slot: 19, Stack: {count: 1, id: "createnuclear:uranium_rod"}}, {slot: 20, Stack: {count: 1, id: "createnuclear:graphite_rod"}}, {slot: 21, Stack: {count: 1, id: "minecraft:glass_pane"}}, {slot: 22, Stack: {count: 1, id: "minecraft:glass_pane"}}, {slot: 23, Stack: {count: 1, id: "minecraft:glass_pane"}}, {slot: 24, Stack: {count: 1, id: "minecraft:glass_pane"}}, {slot: 25, Stack: {count: 1, id: "minecraft:glass_pane"}}, {slot: 26, Stack: {count: 1, id: "minecraft:glass_pane"}}, {slot: 27, Stack: {count: 1, id: "createnuclear:uranium_rod"}}, {slot: 28, Stack: {count: 1, id: "createnuclear:uranium_rod"}}, {slot: 29, Stack: {count: 1, id: "createnuclear:uranium_rod"}}, {slot: 30, Stack: {count: 1, id: "minecraft:glass_pane"}}, {slot: 31, Stack: {count: 1, id: "minecraft:glass_pane"}}, {slot: 32, Stack: {count: 1, id: "minecraft:glass_pane"}}, {slot: 33, Stack: {count: 1, id: "minecraft:glass_pane"}}, {slot: 34, Stack: {count: 1, id: "minecraft:glass_pane"}}, {slot: 35, Stack: {count: 1, id: "minecraft:glass_pane"}}, {slot: 36, Stack: {count: 1, id: "createnuclear:graphite_rod"}}, {slot: 37, Stack: {count: 1, id: "createnuclear:graphite_rod"}}, {slot: 38, Stack: {count: 1, id: "createnuclear:graphite_rod"}}, {slot: 39, Stack: {count: 1, id: "minecraft:glass_pane"}}, {slot: 40, Stack: {count: 1, id: "minecraft:glass_pane"}}, {slot: 41, Stack: {count: 1, id: "minecraft:glass_pane"}}, {slot: 42, Stack: {count: 1, id: "minecraft:glass_pane"}}, {slot: 43, Stack: {count: 1, id: "minecraft:glass_pane"}}, {slot: 44, Stack: {count: 1, id: "minecraft:glass_pane"}}, {slot: 45, Stack: {count: 1, id: "minecraft:glass_pane"}}, {slot: 46, Stack: {count: 1, id: "minecraft:glass_pane"}}, {slot: 47, Stack: {count: 1, id: "minecraft:glass_pane"}}, {slot: 48, Stack: {count: 1, id: "minecraft:glass_pane"}}, {slot: 49, Stack: {count: 1, id: "minecraft:glass_pane"}}, {slot: 50, Stack: {count: 1, id: "minecraft:glass_pane"}}, {slot: 51, Stack: {count: 1, id: "minecraft:glass_pane"}}, {slot: 52, Stack: {count: 1, id: "minecraft:glass_pane"}}, {slot: 53, Stack: {count: 1, id: "minecraft:glass_pane"}}, {slot: 54, Stack: {count: 1, id: "minecraft:glass_pane"}}, {slot: 55, Stack: {count: 1, id: "minecraft:glass_pane"}}, {slot: 56, Stack: {count: 1, id: "minecraft:glass_pane"}}], graphiteTime: 3600}}, count: 1, id: "createnuclear:reactor_blueprint_item"}]}
[23:59:45] [Server thread/INFO]: 26, 203, 2 has the following block data: 130
[23:59:46] [Server thread/INFO]: 22, 203, 2 has the following block data: {components: {}, x: 22, y: 203, z: 2, id: "createnuclear:reactor_input", Inventory: {Inventory: [{count: 15, id: "createnuclear:uranium_rod"}, {count: 15, id: "createnuclear:graphite_rod"}]}}
[23:59:46] [Server thread/INFO]: 26, 200, 2 has the following block data: {Speed: 32.0f, components: {}, Network: {Capacity: 655360.0f, Size: 2, AddedCapacity: 10240.0f, Id: 7146825588936L, Stress: 0.0f}, x: 26, y: 200, ScrollValue: 0, z: 2, id: "createnuclear:reactor_output"}
[23:59:46] [Server thread/INFO]: Test passed
[23:59:47] [Server thread/INFO]: Test passed. Count: 2
[23:59:47] [Server thread/INFO]: Test failed
[23:59:47] [Server thread/INFO]: Test passed. Count: 2
[23:59:47] [Server thread/INFO]: Armor Stand has the following entity data: {head: {count: 1, id: "createnuclear:white_anti_radiation_helmet"}, feet: {count: 1, id: "createnuclear:anti_radiation_boots"}, chest: {count: 1, id: "createnuclear:red_anti_radiation_chestplate"}, legs: {count: 1, id: "createnuclear:blue_anti_radiation_leggings"}}
[23:59:48] [Server thread/INFO]: The game is sprinting
[23:59:48] [Server thread/INFO]: Sprint completed with 1249 ticks per second, or 0.80 ms per tick
[23:59:48] [Server thread/INFO]: 26, 200, 2 has the following block data: 32.0f
[23:59:58] [Server thread/INFO]: Stopping the server
[23:59:58] [Server thread/INFO]: Stopping server
[23:59:58] [Server thread/INFO]: Saving players
[23:59:58] [Server thread/INFO]: Saving worlds
[23:59:58] [Server thread/INFO]: Saving chunks for level 'ServerLevel[world]'/minecraft:overworld
[23:59:58] [Server thread/INFO]: Saving chunks for level 'ServerLevel[world]'/minecraft:the_end
[23:59:58] [Server thread/INFO]: Saving chunks for level 'ServerLevel[world]'/minecraft:the_nether
[23:59:58] [Server thread/INFO]: ThreadedAnvilChunkStorage (world): All chunks are saved
[23:59:58] [Server thread/INFO]: ThreadedAnvilChunkStorage (DIM1): All chunks are saved
[23:59:58] [Server thread/INFO]: ThreadedAnvilChunkStorage (DIM-1): All chunks are saved
[23:59:58] [Server thread/INFO]: ThreadedAnvilChunkStorage: All dimensions are saved
EXIT 0
